Nothing to build in platform 'ZyboCarPlatform'

11:42:04 **** Clean-only build of configuration Debug for project CarTest ****
make clean 
rm -rf  ./src/drivers/motor.o ./src/drivers/pwm.o  ./src/gpio.o ./src/main.o ./src/platform.o  ./src/drivers/motor.d ./src/drivers/pwm.d  ./src/gpio.d ./src/main.d ./src/platform.d  CarTest.elf.size  CarTest.elf
 
11:42:04 **** Incremental Build of configuration Debug for project CarTest ****
make all 
C:/Xilinx/Vitis/2019.2/gnuwin/bin/make --no-print-directory pre-build
a9-linaro-pre-build-step
 
C:/Xilinx/Vitis/2019.2/gnuwin/bin/make --no-print-directory main-build
Building file: ../src/main.c
Invoking: ARM v7 gcc compiler
arm-none-eabi-gcc -Wall -O0 -g3 -c -fmessage-length=0 -MT"src/main.o" -mcpu=cortex-a9 -mfpu=vfpv3 -mfloat-abi=hard -IC:/Users/aleja/Desktop/Projects/Car_Zybo/project_1/ZyboCarPlatform/export/ZyboCarPlatform/sw/ZyboCarPlatform/standalone_domain/bspinclude/include -MMD -MP -MF"src/main.d" -MT"src/main.o" -o "src/main.o" "../src/main.c"
../src/main.c: In function 'main':
../src/main.c:90:28: warning: format '%u' expects argument of type 'unsigned int', but argument 2 has type 'u32' {aka 'long unsigned int'} [-Wformat=]
         printf("Distance: %u cm\n\r", distance);
                           ~^          ~~~~~~~~
                           %lu
../src/main.c:53:18: warning: unused variable 'SettingsTable' [-Wunused-variable]
     TmrCntrSetup SettingsTable = {TICK_TIMER_FREQ_HZ, 0, 0, 0};
                  ^~~~~~~~~~~~~
../src/main.c: In function 'TickHandler':
../src/main.c:192:9: warning: variable 'StatusEvent' set but not used [-Wunused-but-set-variable]
     u32 StatusEvent;
         ^~~~~~~~~~~
Finished building: ../src/main.c
 
Building file: ../src/platform.c
Invoking: ARM v7 gcc compiler
arm-none-eabi-gcc -Wall -O0 -g3 -c -fmessage-length=0 -MT"src/platform.o" -mcpu=cortex-a9 -mfpu=vfpv3 -mfloat-abi=hard -IC:/Users/aleja/Desktop/Projects/Car_Zybo/project_1/ZyboCarPlatform/export/ZyboCarPlatform/sw/ZyboCarPlatform/standalone_domain/bspinclude/include -MMD -MP -MF"src/platform.d" -MT"src/platform.o" -o "src/platform.o" "../src/platform.c"
Finished building: ../src/platform.c
 
Building target: CarTest.elf
Invoking: ARM v7 gcc linker
arm-none-eabi-gcc -mcpu=cortex-a9 -mfpu=vfpv3 -mfloat-abi=hard -Wl,-build-id=none -specs=Xilinx.spec -Wl,-T -Wl,../src/lscript.ld -LC:/Users/aleja/Desktop/Projects/Car_Zybo/project_1/ZyboCarPlatform/export/ZyboCarPlatform/sw/ZyboCarPlatform/standalone_domain/bsplib/lib -o "CarTest.elf"  ./src/main.o ./src/platform.o   -Wl,--start-group,-lxil,-lgcc,-lc,--end-group
Finished building target: CarTest.elf
 
Invoking: ARM v7 Print Size
arm-none-eabi-size CarTest.elf  |tee "CarTest.elf.size"
   text	   data	    bss	    dec	    hex	filename
  70240	   3416	  23440	  97096	  17b48	CarTest.elf
Finished building: CarTest.elf.size
 
